{"ts":"2026-09-22T09:29:06.976Z","level":"info","scope":"sqlite","message":"opening database","meta":{"storage":"C:/Users/Lokesh Malla/AppData/Roaming/jewellery-crm-desktop/data/jewellery-crm.sqlite","electron":true}}
{"ts":"2026-09-22T09:29:07.173Z","level":"debug","scope":"sqlite","message":"query","meta":{"sql":"Executing (default): SELECT 1+1 AS result"}}
{"ts":"2026-09-22T09:29:07.257Z","level":"debug","scope":"sqlite","message":"query","meta":{"sql":"Executing (default): SELECT `date`, `closed_at` FROM `daily_closings` AS `DailyClosing` WHERE `DailyClosing`.`status` = 'closed' ORDER BY `DailyClosing`.`date` ASC;"}}
{"ts":"2026-09-22T09:29:07.310Z","level":"debug","scope":"sqlite","message":"query","meta":{"sql":"Executing (default): SELECT `id`, `invoice_no`, `status`, `cancelled_at`, `returned_at`, `business_date` FROM `invoices` AS `Invoice` WHERE (`Invoice`.`cancelled_at` IS NOT NULL OR `Invoice`.`returned_at` IS NOT NULL) AND `Invoice`.`status` IN ('cancelled', 'returned', 'partially_returned');"}}
{"ts":"2026-09-22T09:36:31.853Z","level":"info","scope":"sqlite","message":"opening database","meta":{"storage":"C:/Users/Lokesh Malla/AppData/Roaming/jewellery-crm-desktop/data/jewellery-crm.sqlite","electron":true}}
{"ts":"2026-09-22T09:36:32.067Z","level":"debug","scope":"sqlite","message":"query","meta":{"sql":"Executing (default): SELECT 1+1 AS result"}}
{"ts":"2026-09-22T09:36:32.089Z","level":"debug","scope":"sqlite","message":"query","meta":{"sql":"Executing (default): SELECT `date`, `closed_at` FROM `daily_closings` AS `DailyClosing` WHERE `DailyClosing`.`status` = 'closed' ORDER BY `DailyClosing`.`date` ASC;"}}
{"ts":"2026-09-22T09:36:32.100Z","level":"debug","scope":"sqlite","message":"query","meta":{"sql":"Executing (default): SELECT `id`, `invoice_no`, `status`, `cancelled_at`, `returned_at`, `business_date` FROM `invoices` AS `Invoice` WHERE (`Invoice`.`cancelled_at` IS NOT NULL OR `Invoice`.`returned_at` IS NOT NULL) AND `Invoice`.`status` IN ('cancelled', 'returned', 'partially_returned');"}}
{"ts":"2026-09-22T09:36:32.103Z","level":"debug","scope":"sqlite","message":"query","meta":{"sql":"Executing (default): SELECT `invoice_id`, `business_date`, `meta` FROM `payments` AS `Payment` WHERE `Payment`.`invoice_id` IN ('3c6b6b90-0b87-4e3a-89d6-e51d4f3ef3f7', 'd80eac14-5575-4e22-a021-51ef8de1ea69');"}}
{"ts":"2026-09-22T09:36:39.854Z","level":"info","scope":"sqlite","message":"opening database","meta":{"storage":"C:/Users/Lokesh Malla/AppData/Roaming/jewellery-crm-desktop/data/jewellery-crm.sqlite","electron":true}}
{"ts":"2026-09-22T09:36:40.095Z","level":"debug","scope":"sqlite","message":"query","meta":{"sql":"Executing (default): SELECT 1+1 AS result"}}
{"ts":"2026-09-22T09:36:40.112Z","level":"debug","scope":"sqlite","message":"query","meta":{"sql":"Executing (default): SELECT `date`, `closed_at` FROM `daily_closings` AS `DailyClosing` WHERE `DailyClosing`.`status` = 'closed' ORDER BY `DailyClosing`.`date` ASC;"}}
{"ts":"2026-09-22T09:36:40.121Z","level":"debug","scope":"sqlite","message":"query","meta":{"sql":"Executing (default): SELECT `id`, `invoice_no`, `status`, `cancelled_at`, `returned_at`, `business_date` FROM `invoices` AS `Invoice` WHERE (`Invoice`.`cancelled_at` IS NOT NULL OR `Invoice`.`returned_at` IS NOT NULL) AND `Invoice`.`status` IN ('cancelled', 'returned', 'partially_returned');"}}
{"ts":"2026-09-22T09:36:40.125Z","level":"debug","scope":"sqlite","message":"query","meta":{"sql":"Executing (default): SELECT `invoice_id`, `business_date`, `meta` FROM `payments` AS `Payment` WHERE `Payment`.`invoice_id` IN ('3c6b6b90-0b87-4e3a-89d6-e51d4f3ef3f7', 'd80eac14-5575-4e22-a021-51ef8de1ea69');"}}
{"ts":"2026-09-22T09:36:40.141Z","level":"debug","scope":"sqlite","message":"query","meta":{"sql":"Executing (default): UPDATE `invoices` SET `cancelled_at`=$1,`updated_at`=$2 WHERE `id` = $3"}}
{"ts":"2026-09-22T09:39:16.490Z","level":"info","scope":"sqlite","message":"opening database","meta":{"storage":"C:/Users/Lokesh Malla/AppData/Roaming/jewellery-crm-desktop/data/jewellery-crm.sqlite","electron":true}}
{"ts":"2026-09-22T09:39:16.689Z","level":"debug","scope":"sqlite","message":"query","meta":{"sql":"Executing (default): SELECT 1+1 AS result"}}
{"ts":"2026-09-22T09:39:16.726Z","level":"debug","scope":"sqlite","message":"query","meta":{"sql":"Executing (default): SELECT `date`, `closed_at` FROM `daily_closings` AS `DailyClosing` WHERE `DailyClosing`.`status` = 'closed' ORDER BY `DailyClosing`.`date` ASC;"}}
{"ts":"2026-09-22T09:39:16.749Z","level":"debug","scope":"sqlite","message":"query","meta":{"sql":"Executing (default): SELECT `id`, `invoice_no`, `status`, `cancelled_at`, `returned_at`, `business_date` FROM `invoices` AS `Invoice` WHERE (`Invoice`.`cancelled_at` IS NOT NULL OR `Invoice`.`returned_at` IS NOT NULL) AND `Invoice`.`status` IN ('cancelled', 'returned', 'partially_returned');"}}
{"ts":"2026-09-22T09:39:16.755Z","level":"debug","scope":"sqlite","message":"query","meta":{"sql":"Executing (default): SELECT `invoice_id`, `business_date`, `meta` FROM `payments` AS `Payment` WHERE `Payment`.`invoice_id` IN ('3c6b6b90-0b87-4e3a-89d6-e51d4f3ef3f7', 'd80eac14-5575-4e22-a021-51ef8de1ea69');"}}
